$ pnpm -s exec architecture campaigns status --changed --base f1ec0da133dc664d8929820a6d45b9d9f624d20a packages
exit 1

--- stdout
strangle-hapi
  billing — phase backfilled (4 of 9, attested), 1 day here
    intent: The Nest table has been backfilled from the legacy table once, after every write was mirrored; no detector sees a script run, so whoever ran it attests to it.
    this phase is attested, not detected: no objective sees it done. When it is, record it —
      architecture campaigns attest billing backfilled --reason "…" [--evidence <url>] --campaign strangle-hapi
    hapi-lines: 712 → 703 (recorded 712, tolerance 20)
    ahead of plan: has-nest-endpoints −1 belongs to served · routes-still-local −1 belongs to served; billing is at backfilled (not yet attested) — onAhead: ratchet
    onTouch: ratchet — ahead
    ask: hold — leave the sector no worse; paydown is welcome in its own commit, not asked for
  legacy at phase fenced (1 of 9) · nothing in your files, diff neutral
  shared — held by every sector, on no phase
    hapi-lines: 106 → 157 (recorded 97, tolerance 20)  measured, not held
    onTouch: advise — ok
    ask: none — the holdouts above are context; paydown is welcome in its own commit, not asked for

not ok

--- stderr

the diff works ahead of a sector's phase under its onAhead
