$ pnpm -s campaigns:nudge
exit 0

--- stdout
strangle-hapi
  billing — phase data-moved (7 of 9), 1 day here
    this diff moves it from routes-moved: it is judged by the phase it was found at
    intent: The module's tables belong to its Nest schema, the legacy table is dropped by a legacy migration, and the bookshelf models are gone.
    toward the next phase: no-hapi-models 2 · legacy-table-dropped 1
    of the sector as a whole:
      legacy-table-dropped: Write a legacy migration that drops the module's table, now that nothing on hapi reads or writes it; the Nest table is the only copy.
      (its marker owns `packages/legacy-api/test/application/billing/**`, which no file matches)
    this diff: −no-hapi-routes: billing-routes.ts  forward
    now counted: no-hapi-models 2 · legacy-table-dropped 1 — in window from data-moved, not growth
    hapi-lines: recorded 71 → now 31 (tolerance 20)
    onTouch: ratchet (of routes-moved) — ok
    ask: hold — leave the sector no worse; paydown is welcome in its own commit, not asked for
  legacy — phase fenced (1 of 9)
    intent: The module names no sibling module: what it needs from a peer arrives through the substrate, and its role checks live in its access file, not its routes.
    hapi-lines: recorded 819 → now 817 (tolerance 20)
    onTouch: ratchet — ok
    ask: hold — leave the sector no worse; paydown is welcome in its own commit, not asked for
  shared — held by every sector, on no phase
    hapi-lines: recorded 157 → now 97 (tolerance 20)
    onTouch: advise — ok
    ask: none — the holdouts above are context; paydown is welcome in its own commit, not asked for

ok

--- stderr
